[0.000000] (-) TimerEvent: {}
[0.000812] (robot_trajectory) JobQueued: {'identifier': 'robot_trajectory', 'dependencies': OrderedDict()}
[0.000851] (robot_trajectory) JobStarted: {'identifier': 'robot_trajectory'}
[0.012741] (robot_trajectory) JobProgress: {'identifier': 'robot_trajectory', 'progress': 'cmake'}
[0.013988] (robot_trajectory) Command: {'cmd': ['/usr/bin/cmake', '/home/usuario/Documentos/GitHub/IR2117/tb3_ws/src/robot_trajectory', '-DCMAKE_INSTALL_PREFIX=/home/usuario/Documentos/GitHub/IR2117/tb3_ws/install/robot_trajectory'], 'cwd': '/home/usuario/Documentos/GitHub/IR2117/tb3_ws/build/robot_trajectory', 'env': OrderedDict([('LESSOPEN', '| /usr/bin/lesspipe %s'), ('USER', 'usuario'), ('SSH_AGENT_PID', '2499'), ('XDG_SESSION_TYPE', 'x11'), ('SHLVL', '1'), ('LD_LIBRARY_PATH', '/usr/lib/x86_64-linux-gnu/gazebo-11/plugins:/opt/ros/foxy/opt/yaml_cpp_vendor/lib:/opt/ros/foxy/opt/rviz_ogre_vendor/lib:/opt/ros/foxy/lib/x86_64-linux-gnu:/opt/ros/foxy/lib'), ('QT4_IM_MODULE', 'ibus'), ('HOME', '/home/usuario'), ('OLDPWD', '/home/usuario/Documentos/GitHub'), ('DESKTOP_SESSION', 'ubuntu'), ('ROS_PYTHON_VERSION', '3'), ('GNOME_SHELL_SESSION_MODE', 'ubuntu'), ('GTK_MODULES', 'gail:atk-bridge'), ('MANAGERPID', '2316'), ('DBUS_STARTER_BUS_TYPE', 'session'), ('DBUS_SESSION_BUS_ADDRESS', 'unix:path=/run/user/1000/bus,guid=65cee8b7a97adfde2f3fd07d63e4ccd0'), ('COLORTERM', 'truecolor'), ('MANDATORY_PATH', '/usr/share/gconf/ubuntu.mandatory.path'), ('IM_CONFIG_PHASE', '1'), ('ROS_DISTRO', 'foxy'), ('GTK_IM_MODULE', 'ibus'), ('LOGNAME', 'usuario'), ('JOURNAL_STREAM', '8:57860'), ('_', '/usr/bin/colcon'), ('ROS_VERSION', '2'), ('XDG_SESSION_CLASS', 'user'), ('DEFAULTS_PATH', '/usr/share/gconf/ubuntu.default.path'), ('USERNAME', 'usuario'), ('TERM', 'xterm-256color'), ('GNOME_DESKTOP_SESSION_ID', 'this-is-deprecated'), ('ROS_LOCALHOST_ONLY', '0'), ('WINDOWPATH', '2'), ('PATH', '/opt/ros/foxy/bin:/home/usuario/.local/bin:/usr/local/sbin:/usr/local/bin:/usr/sbin:/usr/bin:/sbin:/bin:/usr/games:/usr/local/games:/snap/bin'), ('SESSION_MANAGER', 'local/labrob09.act.uji.es:@/tmp/.ICE-unix/2591,unix/labrob09.act.uji.es:/tmp/.ICE-unix/2591'), ('INVOCATION_ID', 'c0e117bb92084d1387f88f94815623ee'), ('XDG_MENU_PREFIX', 'gnome-'), ('GNOME_TERMINAL_SCREEN', '/org/gnome/Terminal/screen/5bc79e76_c046_4b33_bfee_afa25ab4e030'), ('XDG_RUNTIME_DIR', '/run/user/1000'), ('DISPLAY', ':1'), ('LANG', 'es_ES.UTF-8'), ('XDG_CURRENT_DESKTOP', 'ubuntu:GNOME'), ('XMODIFIERS', '@im=ibus'), ('XDG_SESSION_DESKTOP', 'ubuntu'), ('XAUTHORITY', '/run/user/1000/gdm/Xauthority'), ('LS_COLORS', 'rs=0:di=01;34:ln=01;36:mh=00:pi=40;33:so=01;35:do=01;35:bd=40;33;01:cd=40;33;01:or=40;31;01:mi=00:su=37;41:sg=30;43:ca=30;41:tw=30;42:ow=34;42:st=37;44:ex=01;32:*.tar=01;31:*.tgz=01;31:*.arc=01;31:*.arj=01;31:*.taz=01;31:*.lha=01;31:*.lz4=01;31:*.lzh=01;31:*.lzma=01;31:*.tlz=01;31:*.txz=01;31:*.tzo=01;31:*.t7z=01;31:*.zip=01;31:*.z=01;31:*.dz=01;31:*.gz=01;31:*.lrz=01;31:*.lz=01;31:*.lzo=01;31:*.xz=01;31:*.zst=01;31:*.tzst=01;31:*.bz2=01;31:*.bz=01;31:*.tbz=01;31:*.tbz2=01;31:*.tz=01;31:*.deb=01;31:*.rpm=01;31:*.jar=01;31:*.war=01;31:*.ear=01;31:*.sar=01;31:*.rar=01;31:*.alz=01;31:*.ace=01;31:*.zoo=01;31:*.cpio=01;31:*.7z=01;31:*.rz=01;31:*.cab=01;31:*.wim=01;31:*.swm=01;31:*.dwm=01;31:*.esd=01;31:*.jpg=01;35:*.jpeg=01;35:*.mjpg=01;35:*.mjpeg=01;35:*.gif=01;35:*.bmp=01;35:*.pbm=01;35:*.pgm=01;35:*.ppm=01;35:*.tga=01;35:*.xbm=01;35:*.xpm=01;35:*.tif=01;35:*.tiff=01;35:*.png=01;35:*.svg=01;35:*.svgz=01;35:*.mng=01;35:*.pcx=01;35:*.mov=01;35:*.mpg=01;35:*.mpeg=01;35:*.m2v=01;35:*.mkv=01;35:*.webm=01;35:*.ogm=01;35:*.mp4=01;35:*.m4v=01;35:*.mp4v=01;35:*.vob=01;35:*.qt=01;35:*.nuv=01;35:*.wmv=01;35:*.asf=01;35:*.rm=01;35:*.rmvb=01;35:*.flc=01;35:*.avi=01;35:*.fli=01;35:*.flv=01;35:*.gl=01;35:*.dl=01;35:*.xcf=01;35:*.xwd=01;35:*.yuv=01;35:*.cgm=01;35:*.emf=01;35:*.ogv=01;35:*.ogx=01;35:*.aac=00;36:*.au=00;36:*.flac=00;36:*.m4a=00;36:*.mid=00;36:*.midi=00;36:*.mka=00;36:*.mp3=00;36:*.mpc=00;36:*.ogg=00;36:*.ra=00;36:*.wav=00;36:*.oga=00;36:*.opus=00;36:*.spx=00;36:*.xspf=00;36:'), ('GNOME_TERMINAL_SERVICE', ':1.212'), ('SSH_AUTH_SOCK', '/run/user/1000/keyring/ssh'), ('AMENT_PREFIX_PATH', '/opt/ros/foxy'), ('SHELL', '/bin/bash'), ('QT_ACCESSIBILITY', '1'), ('GDMSESSION', 'ubuntu'), ('LESSCLOSE', '/usr/bin/lesspipe %s %s'), ('GPG_AGENT_INFO', '/run/user/1000/gnupg/S.gpg-agent:0:1'), ('QT_IM_MODULE', 'ibus'), ('PWD', '/home/usuario/Documentos/GitHub/IR2117/tb3_ws/build/robot_trajectory'), ('LC_ALL', 'es_ES.UTF-8'), ('XDG_CONFIG_DIRS', '/etc/xdg/xdg-ubuntu:/etc/xdg'), ('CLUTTER_IM_MODULE', 'ibus'), ('DBUS_STARTER_ADDRESS', 'unix:path=/run/user/1000/bus,guid=65cee8b7a97adfde2f3fd07d63e4ccd0'), ('XDG_DATA_DIRS', '/usr/share/ubuntu:/usr/local/share/:/usr/share/:/var/lib/snapd/desktop'), ('PYTHONPATH', '/opt/ros/foxy/lib/python3.8/site-packages'), ('COLCON', '1'), ('VTE_VERSION', '6003')]), 'shell': False}
[0.031301] (robot_trajectory) StdoutLine: {'line': b'-- Found ament_cmake: 0.9.11 (/opt/ros/foxy/share/ament_cmake/cmake)\n'}
[0.054924] (robot_trajectory) StdoutLine: {'line': b'-- Using PYTHON_EXECUTABLE: /usr/bin/python3\n'}
[0.099647] (-) TimerEvent: {}
[0.199915] (-) TimerEvent: {}
[0.221635] (robot_trajectory) StdoutLine: {'line': b'-- Found rclcpp: 2.4.2 (/opt/ros/foxy/share/rclcpp/cmake)\n'}
[0.248970] (robot_trajectory) StdoutLine: {'line': b'-- Using all available rosidl_typesupport_c: rosidl_typesupport_fastrtps_c;rosidl_typesupport_introspection_c\n'}
[0.251123] (robot_trajectory) StdoutLine: {'line': b'-- Found rosidl_adapter: 1.3.0 (/opt/ros/foxy/share/rosidl_adapter/cmake)\n'}
[0.300016] (-) TimerEvent: {}
[0.347677] (robot_trajectory) StdoutLine: {'line': b'-- Using all available rosidl_typesupport_cpp: rosidl_typesupport_fastrtps_cpp;rosidl_typesupport_introspection_cpp\n'}
[0.385943] (robot_trajectory) StdoutLine: {'line': b'-- Found rmw_implementation_cmake: 1.0.3 (/opt/ros/foxy/share/rmw_implementation_cmake/cmake)\n'}
[0.386759] (robot_trajectory) StdoutLine: {'line': b"-- Using RMW implementation 'rmw_fastrtps_cpp' as default\n"}
[0.400108] (-) TimerEvent: {}
[0.493919] (robot_trajectory) StdoutLine: {'line': b'-- Found ament_lint_auto: 0.9.7 (/opt/ros/foxy/share/ament_lint_auto/cmake)\n'}
[0.500217] (-) TimerEvent: {}
[0.535878] (robot_trajectory) StderrLine: {'line': b"Error parsing '/home/usuario/Documentos/GitHub/IR2117/tb3_ws/src/robot_trajectory/package.xml':\n"}
[0.600302] (-) TimerEvent: {}
[0.632939] (robot_trajectory) StderrLine: {'line': b'Traceback (most recent call last):\n'}
[0.633136] (robot_trajectory) StderrLine: {'line': b'  File "/usr/lib/python3/dist-packages/catkin_pkg/package.py", line 610, in parse_package_string\n'}
[0.633198] (robot_trajectory) StderrLine: {'line': b'    root = dom.parseString(data)\n'}
[0.633250] (robot_trajectory) StderrLine: {'line': b'  File "/usr/lib/python3.8/xml/dom/minidom.py", line 1969, in parseString\n'}
[0.633302] (robot_trajectory) StderrLine: {'line': b'    return expatbuilder.parseString(string)\n'}
[0.633351] (robot_trajectory) StderrLine: {'line': b'  File "/usr/lib/python3.8/xml/dom/expatbuilder.py", line 925, in parseString\n'}
[0.633399] (robot_trajectory) StderrLine: {'line': b'    return builder.parseString(string)\n'}
[0.633446] (robot_trajectory) StderrLine: {'line': b'  File "/usr/lib/python3.8/xml/dom/expatbuilder.py", line 223, in parseString\n'}
[0.633493] (robot_trajectory) StderrLine: {'line': b'    parser.Parse(string, True)\n'}
[0.633539] (robot_trajectory) StderrLine: {'line': b'xml.parsers.expat.ExpatError: mismatched tag: line 15, column 23\n'}
[0.633584] (robot_trajectory) StderrLine: {'line': b'\n'}
[0.633629] (robot_trajectory) StderrLine: {'line': b'During handling of the above exception, another exception occurred:\n'}
[0.633675] (robot_trajectory) StderrLine: {'line': b'\n'}
[0.633722] (robot_trajectory) StderrLine: {'line': b'Traceback (most recent call last):\n'}
[0.633768] (robot_trajectory) StderrLine: {'line': b'  File "/opt/ros/foxy/share/ament_cmake_core/cmake/core/package_xml_2_cmake.py", line 143, in <module>\n'}
[0.633815] (robot_trajectory) StderrLine: {'line': b'    main()\n'}
[0.633861] (robot_trajectory) StderrLine: {'line': b'  File "/opt/ros/foxy/share/ament_cmake_core/cmake/core/package_xml_2_cmake.py", line 52, in main\n'}
[0.633921] (robot_trajectory) StderrLine: {'line': b'    raise e\n'}
[0.633967] (robot_trajectory) StderrLine: {'line': b'  File "/opt/ros/foxy/share/ament_cmake_core/cmake/core/package_xml_2_cmake.py", line 48, in main\n'}
[0.634013] (robot_trajectory) StderrLine: {'line': b'    package = parse_package_string(\n'}
[0.634059] (robot_trajectory) StderrLine: {'line': b'  File "/usr/lib/python3/dist-packages/catkin_pkg/package.py", line 612, in parse_package_string\n'}
[0.634106] (robot_trajectory) StderrLine: {'line': b"    raise InvalidPackage('The manifest contains invalid XML:\\n%s' % ex, filename)\n"}
[0.634152] (robot_trajectory) StderrLine: {'line': b"catkin_pkg.package.InvalidPackage: Error(s) in package '/home/usuario/Documentos/GitHub/IR2117/tb3_ws/src/robot_trajectory/package.xml':\n"}
[0.634197] (robot_trajectory) StderrLine: {'line': b'The manifest contains invalid XML:\n'}
[0.634241] (robot_trajectory) StderrLine: {'line': b'mismatched tag: line 15, column 23\n'}
[0.661981] (robot_trajectory) StderrLine: {'line': b'CMake Error at /opt/ros/foxy/share/ament_cmake_core/cmake/core/ament_package_xml.cmake:94 (message):\n'}
[0.662160] (robot_trajectory) StderrLine: {'line': b'  execute_process(/usr/bin/python3\n'}
[0.662220] (robot_trajectory) StderrLine: {'line': b'  /opt/ros/foxy/share/ament_cmake_core/cmake/core/package_xml_2_cmake.py\n'}
[0.662272] (robot_trajectory) StderrLine: {'line': b'  /home/usuario/Documentos/GitHub/IR2117/tb3_ws/src/robot_trajectory/package.xml\n'}
[0.662319] (robot_trajectory) StderrLine: {'line': b'  /home/usuario/Documentos/GitHub/IR2117/tb3_ws/build/robot_trajectory/ament_cmake_core/package.cmake)\n'}
[0.662367] (robot_trajectory) StderrLine: {'line': b'  returned error code 1\n'}
[0.662414] (robot_trajectory) StderrLine: {'line': b'Call Stack (most recent call first):\n'}
[0.662461] (robot_trajectory) StderrLine: {'line': b'  /opt/ros/foxy/share/ament_cmake_core/cmake/core/ament_package_xml.cmake:49 (_ament_package_xml)\n'}
[0.662509] (robot_trajectory) StderrLine: {'line': b'  /opt/ros/foxy/share/ament_lint_auto/cmake/ament_lint_auto_find_test_dependencies.cmake:31 (ament_package_xml)\n'}
[0.662557] (robot_trajectory) StderrLine: {'line': b'  CMakeLists.txt:42 (ament_lint_auto_find_test_dependencies)\n'}
[0.662603] (robot_trajectory) StderrLine: {'line': b'\n'}
[0.662648] (robot_trajectory) StderrLine: {'line': b'\n'}
[0.663131] (robot_trajectory) StdoutLine: {'line': b'-- Configuring incomplete, errors occurred!\n'}
[0.663292] (robot_trajectory) StdoutLine: {'line': b'See also "/home/usuario/Documentos/GitHub/IR2117/tb3_ws/build/robot_trajectory/CMakeFiles/CMakeOutput.log".\n'}
[0.663363] (robot_trajectory) StdoutLine: {'line': b'See also "/home/usuario/Documentos/GitHub/IR2117/tb3_ws/build/robot_trajectory/CMakeFiles/CMakeError.log".\n'}
[0.670611] (robot_trajectory) CommandEnded: {'returncode': 1}
[0.671222] (robot_trajectory) JobEnded: {'identifier': 'robot_trajectory', 'rc': 1}
[0.682019] (-) EventReactorShutdown: {}
